[Tue May  5 19:01:57 HKT 2026] starting benchmark batch on host gpu13
[Tue May  5 19:01:57 HKT 2026] repo: /home/fzhaoai/cellseek/cellseek_benchmark
[Tue May  5 19:01:57 HKT 2026] envs: trackastra=cellseek-ultrack, ultrack=cellseek-ultrack, celltractr=cellseek-ultrack
[Tue May  5 19:01:57 HKT 2026] >>> running experiments/trackastra_ctc_bf_c2dl_hsc_tracking.yaml
[Tue May  5 19:01:57 HKT 2026]     env=cellseek-ultrack
Python 3.12.13
/home/fzhaoai/miniconda3/envs/cellseek-ultrack/bin/csbench
cellseek-benchmark: experiment experiments/trackastra_ctc_bf_c2dl_hsc_tracking.yaml
cellseek-benchmark: datasets=datasets.yaml, models=models.yaml, metrics=metrics.yaml
cellseek-benchmark: writing outputs under experiments/trackastra_ctc_bf_c2dl_hsc_tracking_20260505_190203
cellseek-benchmark: dataset='ctc_bf_c2dl_musc' model='trackastra' — loading model …
cellseek-benchmark: loading Trackastra pretrained='general_2d' device='automatic' …
/home/fzhaoai/.local/share/trackastra/models/general_2d already downloaded, skipping.
cellseek-benchmark: dataset='ctc_bf_c2dl_musc' model='trackastra' — tasks=['tracking']
cellseek-benchmark: wrote /home/fzhaoai/cellseek/cellseek_benchmark/experiments/trackastra_ctc_bf_c2dl_hsc_tracking_20260505_190203/report.json and /home/fzhaoai/cellseek/cellseek_benchmark/experiments/trackastra_ctc_bf_c2dl_hsc_tracking_20260505_190203/summary.csv
[Tue May  5 20:16:23 HKT 2026] <<< done experiments/trackastra_ctc_bf_c2dl_hsc_tracking.yaml
[Tue May  5 20:16:23 HKT 2026] >>> running experiments/ultrack_ctc_bf_c2dl_hsc_tracking.yaml
[Tue May  5 20:16:23 HKT 2026]     env=cellseek-ultrack
Python 3.12.13
/home/fzhaoai/miniconda3/envs/cellseek-ultrack/bin/csbench
cellseek-benchmark: experiment experiments/ultrack_ctc_bf_c2dl_hsc_tracking.yaml
cellseek-benchmark: datasets=datasets.yaml, models=models.yaml, metrics=metrics.yaml
cellseek-benchmark: writing outputs under experiments/ultrack_ctc_bf_c2dl_hsc_tracking_20260505_201633
cellseek-benchmark: dataset='ctc_bf_c2dl_musc' model='ultrack' — loading model …
cellseek-benchmark: UltrackAdapter configured (solver via Ultrack defaults).
cellseek-benchmark: dataset='ctc_bf_c2dl_musc' model='ultrack' — tasks=['tracking']
Using Coin-OR Branch and Cut solver
Solving ILP batch 0
Constructing ILP ...
cellseek-benchmark: tracking failed: tracking inference failed for sequence 'BF-C2DL-MuSC_01': buffer source array is read-only
cellseek-benchmark: wrote /home/fzhaoai/cellseek/cellseek_benchmark/experiments/ultrack_ctc_bf_c2dl_hsc_tracking_20260505_201633/report.json and /home/fzhaoai/cellseek/cellseek_benchmark/experiments/ultrack_ctc_bf_c2dl_hsc_tracking_20260505_201633/summary.csv
[Tue May  5 21:22:15 HKT 2026] <<< done experiments/ultrack_ctc_bf_c2dl_hsc_tracking.yaml
[Tue May  5 21:22:15 HKT 2026] >>> running experiments/celltractr_ctc_bf_c2dl_hsc_tracking.yaml
[Tue May  5 21:22:15 HKT 2026]     env=cellseek-ultrack
Python 3.12.13
/home/fzhaoai/miniconda3/envs/cellseek-ultrack/bin/csbench
cellseek-benchmark: experiment experiments/celltractr_ctc_bf_c2dl_hsc_tracking.yaml
cellseek-benchmark: datasets=datasets.yaml, models=models.yaml, metrics=metrics.yaml
cellseek-benchmark: writing outputs under experiments/celltractr_ctc_bf_c2dl_hsc_tracking_20260505_212225
cellseek-benchmark: dataset='ctc_bf_c2dl_musc' model='celltractr' — loading model …
cellseek-benchmark: Cell-TRACTR native pipeline not bundled in csbench; delegating tracking to Trackastra (configure pretrained/track_mode under model entry like trackastra).
cellseek-benchmark: loading Trackastra pretrained='general_2d' device='automatic' …
/home/fzhaoai/.local/share/trackastra/models/general_2d already downloaded, skipping.
cellseek-benchmark: dataset='ctc_bf_c2dl_musc' model='celltractr' — tasks=['tracking']
cellseek-benchmark: wrote /home/fzhaoai/cellseek/cellseek_benchmark/experiments/celltractr_ctc_bf_c2dl_hsc_tracking_20260505_212225/report.json and /home/fzhaoai/cellseek/cellseek_benchmark/experiments/celltractr_ctc_bf_c2dl_hsc_tracking_20260505_212225/summary.csv
[Tue May  5 22:36:43 HKT 2026] <<< done experiments/celltractr_ctc_bf_c2dl_hsc_tracking.yaml
[Tue May  5 22:36:43 HKT 2026] >>> running experiments/ultrack_ctc_bf_c2dl_musc_tracking.yaml
[Tue May  5 22:36:43 HKT 2026]     env=cellseek-ultrack
Python 3.12.13
/home/fzhaoai/miniconda3/envs/cellseek-ultrack/bin/csbench
cellseek-benchmark: experiment experiments/ultrack_ctc_bf_c2dl_musc_tracking.yaml
cellseek-benchmark: datasets=datasets.yaml, models=models.yaml, metrics=metrics.yaml
cellseek-benchmark: writing outputs under experiments/ultrack_ctc_bf_c2dl_musc_tracking_20260505_223650
cellseek-benchmark: dataset='ctc_bf_c2dl_musc' model='ultrack' — loading model …
cellseek-benchmark: UltrackAdapter configured (solver via Ultrack defaults).
cellseek-benchmark: dataset='ctc_bf_c2dl_musc' model='ultrack' — tasks=['tracking']
Using Coin-OR Branch and Cut solver
Solving ILP batch 0
Constructing ILP ...
cellseek-benchmark: tracking failed: tracking inference failed for sequence 'BF-C2DL-MuSC_01': buffer source array is read-only
cellseek-benchmark: wrote /home/fzhaoai/cellseek/cellseek_benchmark/experiments/ultrack_ctc_bf_c2dl_musc_tracking_20260505_223650/report.json and /home/fzhaoai/cellseek/cellseek_benchmark/experiments/ultrack_ctc_bf_c2dl_musc_tracking_20260505_223650/summary.csv
[Tue May  5 23:42:49 HKT 2026] <<< done experiments/ultrack_ctc_bf_c2dl_musc_tracking.yaml
[Tue May  5 23:42:49 HKT 2026] >>> running experiments/celltractr_ctc_bf_c2dl_musc_tracking.yaml
[Tue May  5 23:42:49 HKT 2026]     env=cellseek-ultrack
Python 3.12.13
/home/fzhaoai/miniconda3/envs/cellseek-ultrack/bin/csbench
cellseek-benchmark: experiment experiments/celltractr_ctc_bf_c2dl_musc_tracking.yaml
cellseek-benchmark: datasets=datasets.yaml, models=models.yaml, metrics=metrics.yaml
cellseek-benchmark: writing outputs under experiments/celltractr_ctc_bf_c2dl_musc_tracking_20260505_234257
cellseek-benchmark: dataset='ctc_bf_c2dl_musc' model='celltractr' — loading model …
cellseek-benchmark: Cell-TRACTR native pipeline not bundled in csbench; delegating tracking to Trackastra (configure pretrained/track_mode under model entry like trackastra).
cellseek-benchmark: loading Trackastra pretrained='general_2d' device='automatic' …
/home/fzhaoai/.local/share/trackastra/models/general_2d already downloaded, skipping.
cellseek-benchmark: dataset='ctc_bf_c2dl_musc' model='celltractr' — tasks=['tracking']
